// Jest Snapshot v1, https://goo.gl/fbAQLP

exports[`Policy Policy::getConditionsForKey Can get conditions for a key 1`] = `
Array [
  Condition {
    "key": "foo",
    "validator": [Function],
    "validatorArgs": Array [
      "bar",
    ],
    "validatorName": "eq",
  },
  Condition {
    "key": "foo",
    "validator": [Function],
    "validatorArgs": Array [
      "baz",
    ],
    "validatorName": "eq",
  },
]
`;
